
--- PROMPT SENT ---
ANIMAL : Pic de Guadeloupe / Melanerpes herminieri (pic gwadloup)
MÉTÉO DU JOUR : légère pluie
SAVOIR : Endémique unique au monde — il n'existe nulle part ailleurs. Son tambourinage dans les arbres morts était interprété par les anciens comme un message des esprits de la forêt : une convocation, un avertissement, une réponse à une question qu'on n'avait pas encore posée.

RÈGLES :
- Commence OBLIGATOIREMENT par "Si tu croises"
- 1 phrase courte, s'arrêter après le premier point
- Sans titre, sans formule introductive
- 1 mot créole max, TOUJOURS avec traduction entre parenthèses
--- RAW RESPONSE ---
{
  "ouverture": "Si tu croises le pic de Guadeloupe ce matin, sache qu’il tambourine pour toi.",
  "amour": "Ce partenaire qui te fuit comme un pic évite les branches pourries trouvera un jour son arbre.",
  "travail": "Les arbres morts résistent au vent. Toi aussi, tiens bon sur ta position.",
  "argent": "Un billet de 500 francs jaunit dans un tiroir. C’est ton manyòk (métaphore : source cachée) en attente.",
  "amitie": "Ton ami te parle en créole comme le pic parle aux esprits. Écoute la mélodie, pas les
------------------

--- PROMPT SENT ---
ANIMAL : Crabe de terre / Cardisoma guanhumi (krab tè)
MÉTÉO DU JOUR : légère pluie
SAVOIR : Il sort de la terre au moment précis où la saison tourne — la matoutou du lundi de Pâques, le festin du crabe après le carême. Nourriture sacrée du retour du printemps, partagée collectivement. Signe de ce qui émerge à l'heure exacte, ni avant ni après, et qu'il faut être là pour accueillir.

RÈGLES :
- Commence OBLIGATOIREMENT par "Si tu croises"
- 1 phrase courte, s'arrêter après le premier point
- Sans titre, sans formule introductive
- 1 mot créole max, TOUJOURS avec traduction entre parenthèses
--- RAW RESPONSE ---
Si tu croises ce crabe rouge sous la pluie légère, écoute le vent qui chante le retour des jours chauds.
------------------

--- PROMPT SENT ---
ANIMAL : Pic de Guadeloupe / Melanerpes herminieri (pic gwadloup)
MÉTÉO DU JOUR : légère pluie
SAVOIR : Endémique unique au monde — il n'existe nulle part ailleurs. Son tambourinage dans les arbres morts était interprété par les anciens comme un message des esprits de la forêt : une convocation, un avertissement, une réponse à une question qu'on n'avait pas encore posée.

RÈGLES :
- Commence OBLIGATOIREMENT par "Si tu croises"
- 1 phrase courte, s'arrêter après le premier point
- Sans titre, sans formule introductive
- 1 mot créole max, TOUJOURS avec traduction entre parenthèses
--- RAW RESPONSE ---
Si tu croises le pic de Guadeloupe sous la fine pluie (plèm), écoute bien son tambourinage — c’est peut-être un esprit (zanj) qui te parle.
------------------
